******************************************************************************
                  TI ARM Linker PC v16.9.4                     
******************************************************************************
>> Linked Tue Mar 27 17:50:56 2018

OUTPUT FILE NAME:   <LCD5110.out>
ENTRY POINT SYMBOL: "_c_int00"  address: 00000919


MEMORY CONFIGURATION

         name            origin    length      used     unused   attr    fill
----------------------  --------  ---------  --------  --------  ----  --------
  FLASH                 00000000   00040000  00000eae  0003f152  R  X
  SRAM                  20000000   00008000  00000218  00007de8  RW X


SEGMENT ALLOCATION MAP

run origin  load origin   length   init length attrs members
----------  ----------- ---------- ----------- ----- -------
00000000    00000000    00000eb4   00000eb4    r-x
  00000000    00000000    0000026c   0000026c    r-- .intvecs
  0000026c    0000026c    0000092a   0000092a    r-x .text
  00000b98    00000b98    000002f4   000002f4    r-- .const
  00000e90    00000e90    00000024   00000024    r-- .cinit
20000000    20000000    00000218   00000000    rw-
  20000000    20000000    00000200   00000000    rw- .stack
  20000200    20000200    00000018   00000000    rw- .data


SECTION ALLOCATION MAP

 output                                  attributes/
section   page    origin      length       input sections
--------  ----  ----------  ----------   ----------------
.intvecs   0    00000000    0000026c     
                  00000000    0000026c     tm4c123gh6pm_startup_ccs.obj (.intvecs)

.text      0    0000026c    0000092a     
                  0000026c    00000200     main.obj (.text)
                  0000046c    00000132     driverlib.lib : gpio.obj (.text:GPIOPadConfigSet)
                  0000059e    00000002     rtsv7M4_T_le_v4SPD16_eabi.lib : mpu_init.obj (.text)
                  000005a0    00000110     driverlib.lib : sysctl.obj (.text:SysCtlClockGet)
                  000006b0    000000f4                   : sysctl.obj (.text:SysCtlClockSet)
                  000007a4    0000009c     rtsv7M4_T_le_v4SPD16_eabi.lib : memcpy_t2.obj (.text)
                  00000840    00000070                                   : autoinit.obj (.text)
                  000008b0    00000068                                   : copy_decompress_lzss.obj (.text:decompress:lzss)
                  00000918    00000054                                   : boot.obj (.text)
                  0000096c    00000054                                   : exit.obj (.text)
                  000009c0    0000004c                                   : cpy_tbl.obj (.text)
                  00000a0c    00000048     driverlib.lib : gpio.obj (.text:GPIOPinConfigure)
                  00000a54    0000003c                   : ssi.obj (.text:SSIConfigSetExpClk)
                  00000a90    00000034                   : sysctl.obj (.text:SysCtlPeripheralEnable)
                  00000ac4    0000002a                   : gpio.obj (.text:GPIODirModeSet)
                  00000aee    00000018                   : gpio.obj (.text:GPIOPinTypeGPIOOutput)
                  00000b06    00000002     rtsv7M4_T_le_v4SPD16_eabi.lib : startup.obj (.text)
                  00000b08    00000018                                   : args_main.obj (.text)
                  00000b20    00000014                                   : _lock.obj (.text)
                  00000b34    00000012     driverlib.lib : gpio.obj (.text:GPIOPinTypeSSI)
                  00000b46    0000000e     rtsv7M4_T_le_v4SPD16_eabi.lib : copy_decompress_none.obj (.text:decompress:none)
                  00000b54    0000000c     tm4c123gh6pm_startup_ccs.obj (.text)
                  00000b60    0000000a     driverlib.lib : ssi.obj (.text:SSIDataPut)
                  00000b6a    0000000a                   : ssi.obj (.text:SSIDisable)
                  00000b74    0000000a                   : ssi.obj (.text:SSIEnable)
                  00000b7e    00000008                   : ssi.obj (.text:SSIBusy)
                  00000b86    00000006                   : gpio.obj (.text:GPIOPinWrite)
                  00000b8c    00000006                   : sysctl.obj (.text:SysCtlDelay)
                  00000b92    00000004     rtsv7M4_T_le_v4SPD16_eabi.lib : pre_init.obj (.text)

.const     0    00000b98    000002f4     
                  00000b98    000001f8     main.obj (.const:.string:Heart)
                  00000d90    00000090     driverlib.lib : gpio.obj (.const:g_pui32GPIOBaseAddrs)
                  00000e20    0000006c                   : sysctl.obj (.const:g_pui32Xtals)

.cinit     0    00000e90    00000024     
                  00000e90    00000011     (.cinit..data.load) [load image, compression = lzss]
                  00000ea1    00000003     --HOLE-- [fill = 0]
                  00000ea4    00000008     (__TI_handler_table)
                  00000eac    00000008     (__TI_cinit_table)

.init_array 
*          0    00000000    00000000     UNINITIALIZED

.stack     0    20000000    00000200     UNINITIALIZED
                  20000000    00000200     --HOLE--

.data      0    20000200    00000018     UNINITIALIZED
                  20000200    0000000c     rtsv7M4_T_le_v4SPD16_eabi.lib : exit.obj (.data:$O1$$)
                  2000020c    00000008                                   : _lock.obj (.data:$O1$$)
                  20000214    00000004                                   : stkdepth_vars.obj (.data)

MODULE SUMMARY

       Module                         code   ro data   rw data
       ------                         ----   -------   -------
    .\
       main.obj                       512    504       0      
       tm4c123gh6pm_startup_ccs.obj   12     620       0      
    +--+------------------------------+------+---------+---------+
       Total:                         524    1124      0      
                                                              
    ../driverlib.lib
       sysctl.obj                     574    108       0      
       gpio.obj                       468    144       0      
       ssi.obj                        98     0         0      
    +--+------------------------------+------+---------+---------+
       Total:                         1140   252       0      
                                                              
    C:\ti\ccsv7\tools\compiler\ti-cgt-arm_16.9.4.LTS\lib\rtsv7M4_T_le_v4SPD16_eabi.lib
       memcpy_t2.obj                  156    0         0      
       autoinit.obj                   112    0         0      
       copy_decompress_lzss.obj       104    0         0      
       exit.obj                       84     0         12     
       boot.obj                       84     0         0      
       cpy_tbl.obj                    76     0         0      
       _lock.obj                      20     0         8      
       args_main.obj                  24     0         0      
       copy_decompress_none.obj       14     0         0      
       pre_init.obj                   4      0         0      
       stkdepth_vars.obj              0      0         4      
       mpu_init.obj                   2      0         0      
       startup.obj                    2      0         0      
    +--+------------------------------+------+---------+---------+
       Total:                         682    0         24     
                                                              
       Stack:                         0      0         512    
       Linker Generated:              0      33        0      
    +--+------------------------------+------+---------+---------+
       Grand Total:                   2346   1409      536    


LINKER GENERATED COPY TABLES

__TI_cinit_table @ 00000eac records: 1, size/record: 8, table size: 8
	.data: load addr=00000e90, load size=00000011 bytes, run addr=20000200, run size=00000018 bytes, compression=lzss


LINKER GENERATED HANDLER TABLE

__TI_handler_table @ 00000ea4 records: 2, size/record: 4, table size: 8
	index: 0, handler: __TI_decompress_lzss
	index: 1, handler: __TI_decompress_none


GLOBAL SYMBOLS: SORTED ALPHABETICALLY BY Name 

address   name                           
-------   ----                           
0000096d  C$$EXIT                        
00000ac5  GPIODirModeSet                 
0000046d  GPIOPadConfigSet               
00000a0d  GPIOPinConfigure               
00000aef  GPIOPinTypeGPIOOutput          
00000b35  GPIOPinTypeSSI                 
00000b87  GPIOPinWrite                   
00000b98  Heart                          
000003e3  N5110_Clear                    
0000031b  N5110_Init                     
00000387  N5110_SetCursor                
0000026d  Nokia5110_Draw                 
00000b55  ResetISR                       
000002f7  Reset_Screen                   
UNDEFED   SHT$$INIT_ARRAY$$Base          
UNDEFED   SHT$$INIT_ARRAY$$Limit         
00000299  SPI_Setup                      
00000b7f  SSIBusy                        
00000a55  SSIConfigSetExpClk             
00000b61  SSIDataPut                     
00000b6b  SSIDisable                     
00000b75  SSIEnable                      
000005a1  SysCtlClockGet                 
000006b1  SysCtlClockSet                 
00000b8d  SysCtlDelay                    
00000a91  SysCtlPeripheralEnable         
20000200  __STACK_END                    
00000200  __STACK_SIZE                   
20000200  __STACK_TOP                    
00000eac  __TI_CINIT_Base                
00000eb4  __TI_CINIT_Limit               
00000ea4  __TI_Handler_Table_Base        
00000eac  __TI_Handler_Table_Limit       
00000841  __TI_auto_init                 
20000200  __TI_cleanup_ptr               
000008b1  __TI_decompress_lzss           
00000b47  __TI_decompress_none           
20000204  __TI_dtors_ptr                 
20000208  __TI_enable_exit_profile_output
ffffffff  __TI_pprof_out_hndl            
ffffffff  __TI_prof_data_size            
ffffffff  __TI_prof_data_start           
00000000  __TI_static_base__             
000007a5  __aeabi_memcpy                 
000007a5  __aeabi_memcpy4                
000007a5  __aeabi_memcpy8                
ffffffff  __binit__                      
ffffffff  __c_args__                     
0000059f  __mpu_init                     
20000000  __stack                        
00000b09  _args_main                     
00000919  _c_int00                       
2000020c  _lock                          
00000b2f  _nop                           
00000b27  _register_lock                 
00000b21  _register_unlock               
00000b07  _system_post_cinit             
00000b93  _system_pre_init               
20000210  _unlock                        
00000971  abort                          
ffffffff  binit                          
000009c1  copy_in                        
00000979  exit                           
00000000  g_pfnVectors                   
00000411  main                           
20000214  main_func_sp                   
000007a5  memcpy                         


GLOBAL SYMBOLS: SORTED BY Symbol Address 

address   name                           
-------   ----                           
00000000  __TI_static_base__             
00000000  g_pfnVectors                   
00000200  __STACK_SIZE                   
0000026d  Nokia5110_Draw                 
00000299  SPI_Setup                      
000002f7  Reset_Screen                   
0000031b  N5110_Init                     
00000387  N5110_SetCursor                
000003e3  N5110_Clear                    
00000411  main                           
0000046d  GPIOPadConfigSet               
0000059f  __mpu_init                     
000005a1  SysCtlClockGet                 
000006b1  SysCtlClockSet                 
000007a5  __aeabi_memcpy                 
000007a5  __aeabi_memcpy4                
000007a5  __aeabi_memcpy8                
000007a5  memcpy                         
00000841  __TI_auto_init                 
000008b1  __TI_decompress_lzss           
00000919  _c_int00                       
0000096d  C$$EXIT                        
00000971  abort                          
00000979  exit                           
000009c1  copy_in                        
00000a0d  GPIOPinConfigure               
00000a55  SSIConfigSetExpClk             
00000a91  SysCtlPeripheralEnable         
00000ac5  GPIODirModeSet                 
00000aef  GPIOPinTypeGPIOOutput          
00000b07  _system_post_cinit             
00000b09  _args_main                     
00000b21  _register_unlock               
00000b27  _register_lock                 
00000b2f  _nop                           
00000b35  GPIOPinTypeSSI                 
00000b47  __TI_decompress_none           
00000b55  ResetISR                       
00000b61  SSIDataPut                     
00000b6b  SSIDisable                     
00000b75  SSIEnable                      
00000b7f  SSIBusy                        
00000b87  GPIOPinWrite                   
00000b8d  SysCtlDelay                    
00000b93  _system_pre_init               
00000b98  Heart                          
00000ea4  __TI_Handler_Table_Base        
00000eac  __TI_CINIT_Base                
00000eac  __TI_Handler_Table_Limit       
00000eb4  __TI_CINIT_Limit               
20000000  __stack                        
20000200  __STACK_END                    
20000200  __STACK_TOP                    
20000200  __TI_cleanup_ptr               
20000204  __TI_dtors_ptr                 
20000208  __TI_enable_exit_profile_output
2000020c  _lock                          
20000210  _unlock                        
20000214  main_func_sp                   
ffffffff  __TI_pprof_out_hndl            
ffffffff  __TI_prof_data_size            
ffffffff  __TI_prof_data_start           
ffffffff  __binit__                      
ffffffff  __c_args__                     
ffffffff  binit                          
UNDEFED   SHT$$INIT_ARRAY$$Base          
UNDEFED   SHT$$INIT_ARRAY$$Limit         

[67 symbols]
